{"schema_version":1,"tool":"project-canon","version":"<VERSION>","commit":"<COMMIT_OR_NULL>","build_provenance":{"kind":"<PROVENANCE_KIND>","note":"<PROVENANCE_NOTE>"},"supported_schemas":[1],"canon_version":4,"canon_sections":[1,2,3,4,5,6,7,8,9,10,11,12,13,14,15,16,17,18,19,20,21,22,23,24],"supported_profiles":["cli","service","library","release"],"supported_surfaces":["config","doctor","new","review","skill","version"],"skills":[{"name":"ai-first-cli-canon","cli_version":"<VERSION>","schema_version":1}]}
