{"schema_version":1,"tool":"project-canon","version":"<VERSION>","commit":"<COMMIT_OR_NULL>","build_provenance":{"kind":"<PROVENANCE_KIND>","note":"<PROVENANCE_NOTE>"},"supported_schemas":[1],"supported_profiles":["cli","service","library","release"],"supported_surfaces":["doctor","new","review","skill","version"],"skills":[{"name":"ai-first-cli-canon","cli_version":"<VERSION>","schema_version":1}]}
